>> [plastic] 수집 범위 국내 71시간 / 해외 72시간
   [국내] '폐플라스틱' 3건
   [국내] '재생원료 플라스틱' 3건
   [국내] '재생플라스틱' 4건
   [국내] '플라스틱 재활용' 6건
   [국내] '페트 재활용' 3건
   [국내] '열분해유' 1건
   [국내] '화학적 재활용' 0건
   [국내] '폐비닐' 1건
   [국내] '재생원료 사용 의무' 0건
   [국내] '플라스틱 협약' 2건
   [국내] '순환경제 플라스틱' 1건
   [국내] '재활용 선별장' 2건
   [국내] 반복 소재어: []
   [해외] 'rPET' 6건
   [해외] '"recycled PET"' 6건
   [해외] '"chemical recycling"' 9건
   [해외] '"plastic pyrolysis"' 4건
   [해외] '"recycled content" plastic' 20건
   [해외] '"plastics treaty"' 5건
   [해외] '"recycled polypropylene"' 7건
   [해외] '"plastic recycling"' 19건
   [해외] 'PPWR recycled' 7건
   [해외] '"recycled plastic" prices' 24건
   [해외 전문지] plasticsnews.com 28건
   [해외 전문지] plasticstoday.com 49건
   [해외 전문지] packaginginsights.com 8건
   [해외 전문지] resource-recycling.com 11건
   [해외 전문지] recyclingtoday.com 26건
   [해외 전문지] recyclinginternational.com 7건
   [해외 전문지] sustainableplastics.com 0건
   [해외 전문지] euwid-recycling.com 7건
   [해외 전문지] packagingeurope.com 52건
   [해외 전문지] packaging-gateway.com 16건
   [해외 전문지] letsrecycle.com 17건
   [해외 전문지] icis.com 12건
   [해외 RSS] Recycling Today 4건
   [해외] 전문지 외 제외: 3News, ALCHEMPro, Deccan Herald, Fibre2Fashion, France 24, Gleiss Lutz, Inbox.lv, Ingka Group, InteriorDaily, Label and Narrow Web, Maastricht University, Packaging South Asia, Pluang, Recyclingportal, TAPinto, The Climate Watch, Urban Acres, resourcemedia.eco
>> [plastic] 국내 26건 → 12건, 해외 344건 → 8건
   - [코리아비즈니스리뷰] 종이·플라스틱 빨대 병행 사용 이유
   - [데일리환경] 서인도양 10개국, 해양보호·플라스틱 대응 15개 결정 채택
   - [리뷰타임스] [생활 리뷰] ‘재활용 최우수’ 왕뚜껑 컵라면, 먹고 나면 폐기물로 버려야
   - [제주교통복지신문] “투명한데 같이 버리면 안 돼?” 페트병 분리배출 기준
   - [제주교통복지신문] “페트병 그냥 버리긴 아깝네”…벽걸이 소품함으로 재활용
   - [비건뉴스] 플라스틱 재활용, 선별 원료의 ‘순도’만으로 판단하기 어려운 이유
   - [브런치] 왜 재활용이 조달 리스크가 되는가
   - [https://technovalue.com/] 폐차 재활용률 10년 정체, "80% 후반대"...순환경제로의 전환 시급
   - [파인드비] 분리배출 폐비닐로 종량제봉투 만든다… 정부, 제작 지원 3차 공모
   - [헬로디디] 미생물로 플라스틱 만들고, 폐플라스틱 분해
   - [에너지경제신문] 극지방에서 식탁까지… 지구 뒤덮은 플라스틱, 생태계 넘어 인체 위협 [기후 신호등]
   - [뉴뉴스] 전 세계가 내놓은 '디자인 해법', DDP에서 산호초부터 신생아·휠체어·폐플라스틱까지...디자인으로 사회문제 해법 찾는다
   - [ICIS] UK Environment Agency sets 83% threshold for 2026 plastic packaging recycling obligations
   - [EUWID Recycling and Waste Management] German waste plastics market sees only modest recovery after summer holidays
   - [Packaging Europe] Recycled plastic pallet to slot into automated fresh produce supply chains
   - [EUWID Recycling and Waste Management] Helix Projects plans industrial-scale pyrolysis and upgrading capacity in the Netherlands
   - [EUWID Recycling and Waste Management] German PET recycling market remains under pressure in September
   - [Packaging Insights] ACG tackles pharma recyclability gap with PP blister
   - [Packaging Gateway] Packaging costs: how resin, energy and freight affect prices
   - [Plastics News] How Taiwan built one of Asia’s most successful plastics recycling systems
   [요약] 실패 HTTPError: 왜 재활용이 조달 리스크가 되는가
   [요약] 10/12건
>> data/news_plastic.json, history/news_plastic_20261011.json 저장
>> [biogas] 수집 범위 국내 71시간 / 해외 72시간
   [국내] '바이오가스' 4건
   [국내] '바이오메탄' 0건
   [국내] '바이오가스 생산목표제' 1건
   [국내] '유기성폐자원' 1건
   [국내] '음식물류폐기물 바이오가스' 3건
   [국내] '가축분뇨 바이오가스' 3건
   [국내] '혐기성소화' 1건
   [국내] '하수슬러지 바이오가스' 0건
   [국내] '바이오가스화시설' 3건
   [국내] '음식물쓰레기 처리' 0건
   [국내] 반복 소재어: []
   [해외] 'biomethane' 54건
   [해외] 'biogas' 60건
   [해외] '"renewable natural gas"' 14건
   [해외] '"anaerobic digestion"' 11건
   [해외] 'biomethane price' 17건
   [해외] '"guarantees of origin" biomethane' 2건
   [해외] 'biomethane grid injection' 10건
   [해외] 'RNG landfill gas' 8건
   [해외 전문지] bioenergy-news.com 7건
   [해외 전문지] gasworld.com 29건
   [해외 전문지] endswasteandbioenergy.com 2건
   [해외 전문지] argusmedia.com 5건
   [해외 전문지] qcintel.com 44건
   [해외 전문지] biomassmagazine.com 24건
   [해외 전문지] europeanbiogas.eu 1건
   [해외 전문지] biogasworld.com 0건
   [해외 전문지] montelnews.com 0건
   [해외 전문지] wastedive.com 5건
>> [biogas] 국내 16건 → 3건, 해외 293건 → 10건
   - [안성뉴스] 안성 청년 축산리더·주민, 화성 바이오가스시설 찾아··가축분뇨 처리·자원화 과정 살펴
   - [안성투데이] 안성시, 가축분뇨 바이오가스화시설 선진지 견학
   - [모바일한경] 경기硏 "바이오가스 시설, 인접 지역간 공동운영을"
   - [BioEnergy Times] Telangana: Osmania University professor honoured for turning campus waste into biogas and manure
   - [Biomass Magazine] Construction begins on liquefied biogas facility at the Port of Gothenburg in Sweden
   - [ABC7 WWSB] Manatee County breaks ground on $50 million landfill gas-to-fuel project
   - [Biomass Magazine] Clean Energy announces new RNG agreements
   - [TechJuice] Punjab Imposes Rs. 30 Daily ‘Dung Tax’ on Buffaloes for Biogas
   - [www.marketscreener.com] FactSet Research : Renewable Natural Gas Production Growth in the U.S.
   - [marketscreener.com] Italgas connects Edison biogas plant to Caivano network
   - [EnergyWatch] Danish biogas plant builder Lundsby files for bankruptcy after costly Finnish project
   - [Renewables Now] Byont buys two biogas plants in Germany
   - [Bioenergy Insight Magazine] EBA identifies five regulatory barriers holding back European biogas sector
   [요약] 3/3건
>> data/news_biogas.json, history/news_biogas_20261011.json 저장
