>> [환율] fx_exim 실패: ValueError: KOREAEXIM_KEY 없음
>> [환율] ECB 기준환율: ('2026-10-06', {'usd': 1338.78, 'cny': 199.68081615607196})
>> [수집 성공] fx_usd: 2026-10-06 1338.78 (이전 2026-10-05 1343.98)
>> [수집 성공] fx_cny: 2026-10-06 199.68 (이전 2026-10-05 200.46)
>> [재생원료] 순환자원정보센터 실패: ValueError: 표 없음 (응답 제목 'ERROR')
>> [재생원료] 공공데이터포털 API 실패: ValueError: DATA_GO_KR_KEY 없음
>> [재생원료 CSV] FILE_000000007701636 27행, 머리글 ['시점', '구분', '수도권', '강원', '충북', '충남', '전북', '전남', '경북', '경남', '데이터 기준일']
>> [재생원료] 공공데이터포털 파일에서 수집: 월 ['2026-09']
>> [수집 성공] r_comp_pet: 2026-09 601.2 (이전 None None)
>> [수집 성공] r_comp_pe: 2026-09 469.7 (이전 None None)
>> [수집 성공] r_comp_pp: 2026-09 378.7 (이전 None None)
>> [수집 성공] r_flk_pet_clear: 2026-09 1160.9 (이전 None None)
>> [수집 성공] r_flk_pet_color: 2026-09 487.3 (이전 None None)
>> [수집 성공] r_flk_pe: 2026-09 650.0 (이전 None None)
>> [수집 성공] r_flk_pp: 2026-09 538.4 (이전 None None)
>> [수집 성공] r_flk_pvc: 2026-09 547.1 (이전 None None)
>> [수집 성공] r_pel_pe: 2026-09 991.1 (이전 None None)
>> [수집 성공] r_pel_pp: 2026-09 801.0 (이전 None None)
>> [수집 성공] cn_pet: 2026-09-30 8256.0 (이전 2026-09-29 8236.0)
>> [수집 성공] cn_pe: 2026-09-30 8197.0 (이전 2026-09-29 8283.0)
>> [수집 성공] cn_pp: 2026-09-30 8631.0 (이전 2026-09-29 8676.0)
>> [수집 성공] cn_pvc: 2026-09-30 4999.0 (이전 2026-09-29 4844.0)
>> [수집 성공] dubai: 2026-10-06 105.69 (이전 2026-10-05 109.71)
>> [수집 성공] brent: 2026-10-06 100.58 (이전 2026-10-05 100.32)
>> [수집 성공] wti: 2026-10-06 89.44 (이전 2026-10-05 89.43)
>> data/plastic.json, history/plastic_20261007.json 저장
