   [재시도 1/3] URLError: <urlopen error timed out>
   [재시도 2/3] URLError: <urlopen error timed out>
   [재시도 3/3] URLError: <urlopen error timed out>
>> [법령] 자원의 절약과 재활용촉진에 관한 법률 조회 실패: URLError
   [재시도 1/3] URLError: <urlopen error timed out>
   [재시도 2/3] URLError: <urlopen error timed out>
   [재시도 3/3] URLError: <urlopen error timed out>
>> [법령] 자원의 절약과 재활용촉진에 관한 법률 시행령 조회 실패: URLError
   [재시도 1/3] URLError: <urlopen error timed out>
   [재시도 2/3] URLError: <urlopen error timed out>
   [재시도 3/3] URLError: <urlopen error timed out>
>> [법령] 자원의 절약과 재활용촉진에 관한 법률 시행규칙 조회 실패: URLError
   [재시도 1/3] URLError: <urlopen error timed out>
   [재시도 2/3] URLError: <urlopen error timed out>
   [재시도 3/3] URLError: <urlopen error timed out>
>> [법령] 순환경제사회 전환 촉진법 조회 실패: URLError
   [재시도 1/3] URLError: <urlopen error timed out>
   [재시도 2/3] URLError: <urlopen error [Errno -3] Temporary failure in name resolution>
   [재시도 3/3] URLError: <urlopen error timed out>
>> [법령] 순환경제사회 전환 촉진법 시행령 조회 실패: URLError
   [재시도 1/3] URLError: <urlopen error timed out>
   [재시도 2/3] URLError: <urlopen error timed out>
   [재시도 3/3] URLError: <urlopen error timed out>
>> [법령] 폐기물관리법 시행규칙 조회 실패: URLError
   [재시도 1/3] URLError: <urlopen error timed out>
   [재시도 2/3] URLError: <urlopen error timed out>
   [재시도 3/3] URLError: <urlopen error timed out>
>> [법령] 제품의 포장재질ㆍ포장방법에 관한 기준 등에 관한 규칙 조회 실패: URLError
   [재시도 1/3] URLError: <urlopen error timed out>
   [재시도 2/3] URLError: <urlopen error timed out>
   [재시도 3/3] URLError: <urlopen error timed out>
>> [법령] 플라스틱 재생원료 사용의무에 관한 고시 조회 실패: URLError
   [재시도 1/3] URLError: <urlopen error timed out>
   [재시도 2/3] URLError: <urlopen error timed out>
   [재시도 3/3] URLError: <urlopen error timed out>
>> [법령] 2026년 제품ㆍ포장재별 재활용의무율 고시 조회 실패: URLError
   [재시도 1/3] URLError: <urlopen error [Errno -3] Temporary failure in name resolution>
   [재시도 2/3] URLError: <urlopen error timed out>
   [재시도 3/3] URLError: <urlopen error timed out>
>> [법령] 포장재 재활용 용이성 등급평가 기준 조회 실패: URLError
   [재시도 1/3] URLError: <urlopen error timed out>
   [재시도 2/3] URLError: <urlopen error timed out>
   [재시도 3/3] URLError: <urlopen error timed out>
>> [법령] 포장재 재질ㆍ구조 등급표시 기준 조회 실패: URLError
   [재시도 1/3] URLError: <urlopen error timed out>
   [재시도 2/3] URLError: <urlopen error timed out>
   [재시도 3/3] URLError: <urlopen error timed out>
>> [법령] 분리배출 표시에 관한 지침 조회 실패: URLError
   [재시도 1/3] URLError: <urlopen error timed out>
   [재시도 2/3] URLError: <urlopen error timed out>
   [재시도 3/3] URLError: <urlopen error timed out>
>> [법령] 재활용지정사업자의 재활용 지침 조회 실패: URLError
   [재시도 1/3] URLError: <urlopen error timed out>
   [재시도 2/3] URLError: <urlopen error timed out>
   [재시도 3/3] URLError: <urlopen error timed out>
>> [법령] 특정관리제품 재활용의무량 산출에 필요한 조정계수 조회 실패: URLError
   [재시도 1/3] URLError: <urlopen error timed out>
   [재시도 2/3] URLError: <urlopen error timed out>
   [재시도 3/3] URLError: <urlopen error timed out>
>> [법령] 제품ㆍ포장재별 장기 재활용목표율 조회 실패: URLError
   [재시도 1/3] URLError: <urlopen error timed out>
   [재시도 2/3] URLError: <urlopen error timed out>
   [재시도 3/3] URLError: <urlopen error timed out>
>> [법령] 재활용 기준비용 조회 실패: URLError
   [재시도 1/3] URLError: <urlopen error timed out>
   [재시도 2/3] URLError: <urlopen error timed out>
   [재시도 3/3] URLError: <urlopen error timed out>
>> [부처] 보도자료 실패: URLError
   [재시도 1/3] URLError: <urlopen error timed out>
   [재시도 2/3] URLError: <urlopen error timed out>
   [재시도 3/3] URLError: <urlopen error timed out>
>> [부처] 입법예고 실패: URLError
   [재시도 1/3] URLError: <urlopen error timed out>
   [재시도 2/3] URLError: <urlopen error timed out>
   [재시도 3/3] URLError: <urlopen error timed out>
>> [부처] 행정예고 실패: URLError
   [재시도 1/3] URLError: <urlopen error timed out>
   [재시도 2/3] URLError: <urlopen error timed out>
   [재시도 3/3] URLError: <urlopen error timed out>
>> [부처] 고시·훈령·예규 실패: URLError
>> 저장: 법령 13건, 관련 게시글 0건, 새 변경 0건
