   [재시도 1/2] URLError: <urlopen error timed out>
   [재시도 2/2] URLError: <urlopen error timed out>
>> [나라장터] '재활용' 2026-09-18 실패: URLError: <urlopen error timed out>
   [재시도 1/2] URLError: <urlopen error timed out>
   [재시도 2/2] URLError: <urlopen error timed out>
>> [나라장터] '선별' 2026-09-18 실패: URLError: <urlopen error timed out>
   [재시도 1/2] URLError: <urlopen error timed out>
   [재시도 2/2] URLError: <urlopen error timed out>
>> [나라장터] '폐합성수지' 2026-09-18 실패: URLError: <urlopen error timed out>
   [재시도 1/2] URLError: <urlopen error timed out>
   [재시도 2/2] URLError: <urlopen error timed out>
>> [나라장터] '폐비닐' 2026-09-18 실패: URLError: <urlopen error timed out>
   [재시도 1/2] URLError: <urlopen error timed out>
   [재시도 2/2] URLError: <urlopen error timed out>
>> [나라장터] '플라스틱' 2026-09-18 실패: URLError: <urlopen error timed out>
   [재시도 1/2] URLError: <urlopen error timed out>
   [재시도 2/2] URLError: <urlopen error timed out>
>> [나라장터] '스티로폼' 2026-09-18 실패: URLError: <urlopen error timed out>
>> 저장: 선별·처리 대행 용역 227건 (중점 20 · 수도권 207 · 낙찰 147)
   2026-10-06 서울 | 서울특별시 서대문구 | 2026년 하반기 폐형광등 재활용 처리용역 | 추정 24000000.0 | 공고 
   2026-10-02 서울 | 서울특별시교육청 | (긴급) 2026 서울형 난산 학생 선별 체크리스트 규준화 연구 용역 | 추정 36284545.0 | 공고 
   2026-09-30 서울 | 서울특별시 노원구 | 2027년 노원구 재활용가능스티로폼 처리용역(연간단가) | 추정 36000000.0 | 공고 
   2026-09-30 서울 | 서울시설공단 | 2027년 사업장폐기물(폐합성수지) 처리용역(연간단가) | 추정 47010909.0 | 공고 
   2026-08-26 서울 | 국토교통부 서울지방국토관리청  | 2026년 강화출장소 사업장생활계폐기물(폐합성수지 등) 위탁처리용역 | 추정 12000000.0 | 낙찰 11615760.0
   2026-08-19 서울 | 서울특별시 도로사업소 강서도로 | 2026년 운행제한차량 선별시스템 유지관리 용역 | 추정 20000000.0 | 낙찰 21560000.0
   2026-08-12 서울 | 서울특별시 서남병원 | 서남병원 사업장 폐기물(생활계 및 일회용기저귀, 재활용품) 위탁처리용역  | 추정 181729000.0 | 낙찰 159355461.0
   2026-08-04 연천 | 경기도 연천군 | 연천군 자원재활용선별장 혼합재활용품 위탁처리 용역 | 추정 19654545.0 | 낙찰 19900000.0
   2026-07-14 인천 | 한국환경공단 | 플라스틱 재생원료 사용인증 개발 및 인정체계 구축방안 마련 용역 | 추정 236363636.0 | 낙찰 259820000.0
   2026-07-13 인천 | 인천광역시 강화군 | 강화군 스마트 참여형 재활용 동네마당 개선사업 실시설계 용역 | 추정 55257273.0 | 낙찰 52900073.0
   2026-07-10 서울 | 서울특별시 관악구 | 2026년 재활용품 전용봉투 배송용역 | 추정 59050718.0 | 낙찰 57022840.0
   2026-07-09 이천 | 주식회사 유창알앤씨 | 2026 이천시생활자원회수센터 폐비닐 처리용역 | 추정 136364.0 | 낙찰 131951.0
   2026-07-01 군포 | 경기도 군포시 | 시민체육광장 축구장 및 육상트랙 개선사업 가연성폐기물(폐합성수지) 처리 용역 | 추정 136510000.0 | 낙찰 132766400.0
   2026-06-23 서울 | 국토교통부 서울지방국토관리청  | 2026년 사업장생활계폐기물(폐합성수지류 등) 위탁처리용역 | 추정 83400000.0 | 낙찰 79273000.0
   2026-06-23 안성 | 한국환경공단 수도권동부환경본부 | 안성사업소(폐비닐재활용처리시설, 관리동) 내진성능평가 및 정밀안전진단 | 추정 54879091.0 | 낙찰 54053700.0
